{"time":"<TIME>","name":"log","level":"debug","data":{"message":"TestFormatterWithError"},"context":{"host":"<HOST>","processId":"<PROCESS_ID>"},"exception":{"type":"error","message":"This is an error","backtrace":[]},"id":"<ID>","version":"0"}