{"time":"<TIME>","name":"log","level":"debug","data":{"message":"TestFormatterDisableProcess"},"context":{"host":"<HOST>"},"id":"<ID>","version":"0"}