{"time":"<TIME>","name":"log","level":"debug","data":{"message":"TestFormatterComplexContext"},"context":{"map":{"a":"A","b":"B"},"list":[1,2],"obj":{"Name":"TestFormatterComplexContext","Parts":[{"Name":"TestFormatterComplexContext-1"},{"Name":"TestFormatterComplexContext-2"}]},"foo":"bar","one":1,"pi":3.14},"id":"<ID>","version":"0"}