{"time":"<TIME>","name":"log","level":"debug","data":{"message":"TestFormatterGlobalDefaultEventName"},"context":{"host":"<HOST>","processId":"<PROCESS_ID>"},"id":"<ID>","version":"0"}