{"time":"<TIME>","name":"log","level":"debug","data":{"message":"TestFormatterDisableHost"},"context":{"processId":"<PROCESS_ID>"},"id":"<ID>","version":"0"}