{"time":"<TIME>","name":"log","level":"debug","data":{"message":"TestFormatterEnableLoggerName"},"context":{"logger":"TestFormatterEnableLoggerName","host":"<HOST>","processId":"<PROCESS_ID>"},"id":"<ID>","version":"0"}