{"time":"<TIME>","name":"default_event","level":"debug","data":{"message":"TestFormatterConfiguredDefaultEventName"},"context":{"host":"<HOST>","processId":"<PROCESS_ID>"},"id":"<ID>","version":"0"}