{"time":"<TIME>","name":"log","level":"debug","data":{"message":"TestFormatterEmptyContext"},"context":{},"id":"<ID>","version":"0"}