{"time":"<TIME>","name":"log","level":"info","data":{"foo":"bar","message":"TestLoggerWithField"},"context":{"host":"<HOST>","processId":"<PROCESS_ID>"},"id":"<ID>","version":"0"}