{"time":"<TIME>","name":"log","level":"crit","data":{"args":["TestLoggerErrorln"]},"context":{"host":"<HOST>","processId":"<PROCESS_ID>"},"id":"<ID>","version":"0"}