{"time":"<TIME>","name":"log","level":"info","data":{"args":["TestLoggerInfoln"]},"context":{"host":"<HOST>","processId":"<PROCESS_ID>"},"id":"<ID>","version":"0"}