{"time":"<TIME>","name":"log","level":"debug","data":{"args":["TestLoggerDebug"]},"context":{"host":"<HOST>","processId":"<PROCESS_ID>"},"id":"<ID>","version":"0"}