{"time":"<TIME>","name":"log","level":"warn","data":{"message":"TestLoggerWarnf"},"context":{"host":"<HOST>","processId":"<PROCESS_ID>"},"id":"<ID>","version":"0"}