{"time":"<TIME>","name":"log","level":"info","data":{"message":"TestLoggerWithError"},"context":{"host":"<HOST>","processId":"<PROCESS_ID>"},"exception":{"type":"error","message":"This is an error","backtrace":[]},"id":"<ID>","version":"0"}