{"time":"<TIME>","name":"log","level":"info","data":{"foo":"bar","one":1,"pi":3.14,"message":"TestLoggerWithFields"},"context":{"host":"<HOST>","processId":"<PROCESS_ID>"},"id":"<ID>","version":"0"}