{"time":"<TIME>","name":"log","level":"warn","data":{"args":["TestLoggerWarn"]},"context":{"host":"<HOST>","processId":"<PROCESS_ID>"},"id":"<ID>","version":"0"}